
> maison-frontend@0.1.0 build
> tsc -b && vite build

src/components/AIChatBox.tsx(7,28): error TS2307: Cannot find module 'streamdown' or its corresponding type declarations.
src/components/BulkActionToolbar.tsx(41,42): error TS2339: Property 'purchaseOrders' does not exist on type '{ perfumes: { create: (data: any) => Promise<unknown>; update: (id: string, data: any) => Promise<unknown>; delete: (id: string) => Promise<unknown>; }; orders: { create: (data: any) => Promise<...>; update: (id: string, data: any) => Promise<...>; delete: (id: string) => Promise<...>; }; ... 5 more ...; packagingPO...'.
src/components/BulkActionToolbar.tsx(57,42): error TS2339: Property 'purchaseOrders' does not exist on type '{ perfumes: { create: (data: any) => Promise<unknown>; update: (id: string, data: any) => Promise<unknown>; delete: (id: string) => Promise<unknown>; }; orders: { create: (data: any) => Promise<...>; update: (id: string, data: any) => Promise<...>; delete: (id: string) => Promise<...>; }; ... 5 more ...; packagingPO...'.
src/components/InvoiceOCRPriceDialog.tsx(91,47): error TS2339: Property 'purchaseOrders' does not exist on type '{ perfumes: { create: (data: any) => Promise<unknown>; update: (id: string, data: any) => Promise<unknown>; delete: (id: string) => Promise<unknown>; }; orders: { create: (data: any) => Promise<...>; update: (id: string, data: any) => Promise<...>; delete: (id: string) => Promise<...>; }; ... 5 more ...; packagingPO...'.
src/components/InvoiceOCRPriceDialog.tsx(131,27): error TS2339: Property 'purchaseOrders' does not exist on type '{ perfumes: { create: (data: any) => Promise<unknown>; update: (id: string, data: any) => Promise<unknown>; delete: (id: string) => Promise<unknown>; }; orders: { create: (data: any) => Promise<...>; update: (id: string, data: any) => Promise<...>; delete: (id: string) => Promise<...>; }; ... 5 more ...; packagingPO...'.
src/components/InvoiceOCRPriceDialog.tsx(146,27): error TS2339: Property 'purchaseOrders' does not exist on type '{ perfumes: { create: (data: any) => Promise<unknown>; update: (id: string, data: any) => Promise<unknown>; delete: (id: string) => Promise<unknown>; }; orders: { create: (data: any) => Promise<...>; update: (id: string, data: any) => Promise<...>; delete: (id: string) => Promise<...>; }; ... 5 more ...; packagingPO...'.
src/components/JobSelector.tsx(30,29): error TS2339: Property 'data' does not exist on type 'Job[]'.
src/components/Map.tsx(77,23): error TS2688: Cannot find type definition file for '@types/google.maps'.
src/components/Map.tsx(85,21): error TS2304: Cannot find name 'google'.
src/components/Map.tsx(114,19): error TS2503: Cannot find namespace 'google'.
src/components/Map.tsx(116,22): error TS2503: Cannot find namespace 'google'.
src/components/Map.tsx(126,22): error TS2503: Cannot find namespace 'google'.
src/components/master/AddPerfumeForm.tsx(145,15): error TS2339: Property 'notes' does not exist on type '{ auth: { me: () => Promise<ApiResponse<User | null>>; signIn: (email: string, password: string) => Promise<any>; signOut: () => Promise<void>; }; ... 12 more ...; ledger: { ...; }; }'.
src/components/PaymentDialog.tsx(73,27): error TS2339: Property 'purchaseOrders' does not exist on type '{ perfumes: { create: (data: any) => Promise<unknown>; update: (id: string, data: any) => Promise<unknown>; delete: (id: string) => Promise<unknown>; }; orders: { create: (data: any) => Promise<...>; update: (id: string, data: any) => Promise<...>; delete: (id: string) => Promise<...>; }; ... 5 more ...; packagingPO...'.
src/components/POAttachments.tsx(73,44): error TS2339: Property 'attachments' does not exist on type '{ list: () => Promise<ApiListResponse<any>>; stats: () => Promise<ApiResponse<any>>; overduePOs: () => Promise<ApiListResponse<any>>; }'.
src/components/POAttachments.tsx(100,29): error TS2339: Property 'purchaseOrders' does not exist on type '{ perfumes: { create: (data: any) => Promise<unknown>; update: (id: string, data: any) => Promise<unknown>; delete: (id: string) => Promise<unknown>; }; orders: { create: (data: any) => Promise<...>; update: (id: string, data: any) => Promise<...>; delete: (id: string) => Promise<...>; }; ... 5 more ...; packagingPO...'.
src/components/POAttachments.tsx(140,27): error TS2339: Property 'purchaseOrders' does not exist on type '{ perfumes: { create: (data: any) => Promise<unknown>; update: (id: string, data: any) => Promise<unknown>; delete: (id: string) => Promise<unknown>; }; orders: { create: (data: any) => Promise<...>; update: (id: string, data: any) => Promise<...>; delete: (id: string) => Promise<...>; }; ... 5 more ...; packagingPO...'.
src/components/PODocumentUpload.tsx(42,29): error TS2339: Property 'purchaseOrders' does not exist on type '{ perfumes: { create: (data: any) => Promise<unknown>; update: (id: string, data: any) => Promise<unknown>; delete: (id: string) => Promise<unknown>; }; orders: { create: (data: any) => Promise<...>; update: (id: string, data: any) => Promise<...>; delete: (id: string) => Promise<...>; }; ... 5 more ...; packagingPO...'.
src/components/shared/InlineStatusSelect.tsx(52,29): error TS2339: Property 'subscriptionCycles' does not exist on type '{ perfumes: { create: (data: any) => Promise<unknown>; update: (id: string, data: any) => Promise<unknown>; delete: (id: string) => Promise<unknown>; }; orders: { create: (data: any) => Promise<...>; update: (id: string, data: any) => Promise<...>; delete: (id: string) => Promise<...>; }; ... 5 more ...; packagingPO...'.
src/lib/mock-data.ts(19,3): error TS2353: Object literal may only specify known properties, and 'name' does not exist in type 'User'.
src/pages/capsules/CapsulePerformance.tsx(31,77): error TS2339: Property 'capsules' does not exist on type '{ auth: { me: () => Promise<ApiResponse<User | null>>; signIn: (email: string, password: string) => Promise<any>; signOut: () => Promise<void>; }; ... 12 more ...; ledger: { ...; }; }'.
src/pages/capsules/CapsulePerformance.tsx(32,77): error TS2339: Property 'capsules' does not exist on type '{ auth: { me: () => Promise<ApiResponse<User | null>>; signIn: (email: string, password: string) => Promise<any>; signOut: () => Promise<void>; }; ... 12 more ...; ledger: { ...; }; }'.
src/pages/capsules/Capsules.tsx(65,81): error TS2339: Property 'capsules' does not exist on type '{ auth: { me: () => Promise<ApiResponse<User | null>>; signIn: (email: string, password: string) => Promise<any>; signOut: () => Promise<void>; }; ... 12 more ...; ledger: { ...; }; }'.
src/pages/capsules/Capsules.tsx(66,52): error TS2339: Property 'capsules' does not exist on type '{ auth: { me: () => Promise<ApiResponse<User | null>>; signIn: (email: string, password: string) => Promise<any>; signOut: () => Promise<void>; }; ... 12 more ...; ledger: { ...; }; }'.
src/pages/capsules/Capsules.tsx(92,17): error TS2339: Property 'capsules' does not exist on type '{ auth: { me: () => Promise<ApiResponse<User | null>>; signIn: (email: string, password: string) => Promise<any>; signOut: () => Promise<void>; }; ... 12 more ...; ledger: { ...; }; }'.
src/pages/capsules/Capsules.tsx(112,17): error TS2339: Property 'capsules' does not exist on type '{ auth: { me: () => Promise<ApiResponse<User | null>>; signIn: (email: string, password: string) => Promise<any>; signOut: () => Promise<void>; }; ... 12 more ...; ledger: { ...; }; }'.
src/pages/capsules/Capsules.tsx(126,19): error TS2339: Property 'capsules' does not exist on type '{ auth: { me: () => Promise<ApiResponse<User | null>>; signIn: (email: string, password: string) => Promise<any>; signOut: () => Promise<void>; }; ... 12 more ...; ledger: { ...; }; }'.
src/pages/capsules/Capsules.tsx(137,21): error TS2339: Property 'capsules' does not exist on type '{ auth: { me: () => Promise<ApiResponse<User | null>>; signIn: (email: string, password: string) => Promise<any>; signOut: () => Promise<void>; }; ... 12 more ...; ledger: { ...; }; }'.
src/pages/capsules/Capsules.tsx(149,17): error TS2339: Property 'capsules' does not exist on type '{ auth: { me: () => Promise<ApiResponse<User | null>>; signIn: (email: string, password: string) => Promise<any>; signOut: () => Promise<void>; }; ... 12 more ...; ledger: { ...; }; }'.
src/pages/capsules/Capsules.tsx(587,17): error TS2339: Property 'capsules' does not exist on type '{ auth: { me: () => Promise<ApiResponse<User | null>>; signIn: (email: string, password: string) => Promise<any>; signOut: () => Promise<void>; }; ... 12 more ...; ledger: { ...; }; }'.
src/pages/capsules/Capsules.tsx(601,17): error TS2339: Property 'capsules' does not exist on type '{ auth: { me: () => Promise<ApiResponse<User | null>>; signIn: (email: string, password: string) => Promise<any>; signOut: () => Promise<void>; }; ... 12 more ...; ledger: { ...; }; }'.
src/pages/em-vault/EmVault.tsx(94,84): error TS2339: Property 'emVault' does not exist on type '{ auth: { me: () => Promise<ApiResponse<User | null>>; signIn: (email: string, password: string) => Promise<any>; signOut: () => Promise<void>; }; ... 12 more ...; ledger: { ...; }; }'.
src/pages/em-vault/EmVault.tsx(95,52): error TS2339: Property 'emVault' does not exist on type '{ auth: { me: () => Promise<ApiResponse<User | null>>; signIn: (email: string, password: string) => Promise<any>; signOut: () => Promise<void>; }; ... 12 more ...; ledger: { ...; }; }'.
src/pages/em-vault/EmVault.tsx(129,17): error TS2339: Property 'emVault' does not exist on type '{ auth: { me: () => Promise<ApiResponse<User | null>>; signIn: (email: string, password: string) => Promise<any>; signOut: () => Promise<void>; }; ... 12 more ...; ledger: { ...; }; }'.
src/pages/em-vault/EmVault.tsx(145,17): error TS2339: Property 'emVault' does not exist on type '{ auth: { me: () => Promise<ApiResponse<User | null>>; signIn: (email: string, password: string) => Promise<any>; signOut: () => Promise<void>; }; ... 12 more ...; ledger: { ...; }; }'.
src/pages/em-vault/EmVault.tsx(157,17): error TS2339: Property 'emVault' does not exist on type '{ auth: { me: () => Promise<ApiResponse<User | null>>; signIn: (email: string, password: string) => Promise<any>; signOut: () => Promise<void>; }; ... 12 more ...; ledger: { ...; }; }'.
src/pages/em-vault/EmVault.tsx(167,17): error TS2339: Property 'emVault' does not exist on type '{ auth: { me: () => Promise<ApiResponse<User | null>>; signIn: (email: string, password: string) => Promise<any>; signOut: () => Promise<void>; }; ... 12 more ...; ledger: { ...; }; }'.
src/pages/em-vault/EmVault.tsx(789,17): error TS2339: Property 'emVault' does not exist on type '{ auth: { me: () => Promise<ApiResponse<User | null>>; signIn: (email: string, password: string) => Promise<any>; signOut: () => Promise<void>; }; ... 12 more ...; ledger: { ...; }; }'.
src/pages/em-vault/EmVault.tsx(804,17): error TS2339: Property 'emVault' does not exist on type '{ auth: { me: () => Promise<ApiResponse<User | null>>; signIn: (email: string, password: string) => Promise<any>; signOut: () => Promise<void>; }; ... 12 more ...; ledger: { ...; }; }'.
src/pages/em-vault/EmVaultAccess.tsx(52,84): error TS2339: Property 'emVault' does not exist on type '{ auth: { me: () => Promise<ApiResponse<User | null>>; signIn: (email: string, password: string) => Promise<any>; signOut: () => Promise<void>; }; ... 12 more ...; ledger: { ...; }; }'.
src/pages/em-vault/EmVaultAccess.tsx(84,17): error TS2339: Property 'emVault' does not exist on type '{ auth: { me: () => Promise<ApiResponse<User | null>>; signIn: (email: string, password: string) => Promise<any>; signOut: () => Promise<void>; }; ... 12 more ...; ledger: { ...; }; }'.
src/pages/em-vault/EmVaultAccess.tsx(98,17): error TS2339: Property 'emVault' does not exist on type '{ auth: { me: () => Promise<ApiResponse<User | null>>; signIn: (email: string, password: string) => Promise<any>; signOut: () => Promise<void>; }; ... 12 more ...; ledger: { ...; }; }'.
src/pages/gifting/CorporateGifting.tsx(90,85): error TS2339: Property 'gifting' does not exist on type '{ auth: { me: () => Promise<ApiResponse<User | null>>; signIn: (email: string, password: string) => Promise<any>; signOut: () => Promise<void>; }; ... 12 more ...; ledger: { ...; }; }'.
src/pages/gifting/CorporateGifting.tsx(144,17): error TS2339: Property 'gifting' does not exist on type '{ auth: { me: () => Promise<ApiResponse<User | null>>; signIn: (email: string, password: string) => Promise<any>; signOut: () => Promise<void>; }; ... 12 more ...; ledger: { ...; }; }'.
src/pages/gifting/CorporateGifting.tsx(171,17): error TS2339: Property 'gifting' does not exist on type '{ auth: { me: () => Promise<ApiResponse<User | null>>; signIn: (email: string, password: string) => Promise<any>; signOut: () => Promise<void>; }; ... 12 more ...; ledger: { ...; }; }'.
src/pages/gifting/GiftCards.tsx(50,81): error TS2339: Property 'gifting' does not exist on type '{ auth: { me: () => Promise<ApiResponse<User | null>>; signIn: (email: string, password: string) => Promise<any>; signOut: () => Promise<void>; }; ... 12 more ...; ledger: { ...; }; }'.
src/pages/gifting/GiftCards.tsx(64,17): error TS2339: Property 'gifting' does not exist on type '{ auth: { me: () => Promise<ApiResponse<User | null>>; signIn: (email: string, password: string) => Promise<any>; signOut: () => Promise<void>; }; ... 12 more ...; ledger: { ...; }; }'.
src/pages/gifting/Gifting.tsx(69,80): error TS2339: Property 'gifting' does not exist on type '{ auth: { me: () => Promise<ApiResponse<User | null>>; signIn: (email: string, password: string) => Promise<any>; signOut: () => Promise<void>; }; ... 12 more ...; ledger: { ...; }; }'.
src/pages/gifting/Gifting.tsx(70,52): error TS2339: Property 'gifting' does not exist on type '{ auth: { me: () => Promise<ApiResponse<User | null>>; signIn: (email: string, password: string) => Promise<any>; signOut: () => Promise<void>; }; ... 12 more ...; ledger: { ...; }; }'.
src/pages/gifting/Gifting.tsx(115,17): error TS2339: Property 'gifting' does not exist on type '{ auth: { me: () => Promise<ApiResponse<User | null>>; signIn: (email: string, password: string) => Promise<any>; signOut: () => Promise<void>; }; ... 12 more ...; ledger: { ...; }; }'.
src/pages/gifting/Gifting.tsx(142,17): error TS2339: Property 'gifting' does not exist on type '{ auth: { me: () => Promise<ApiResponse<User | null>>; signIn: (email: string, password: string) => Promise<any>; signOut: () => Promise<void>; }; ... 12 more ...; ledger: { ...; }; }'.
src/pages/gifting/Gifting.tsx(154,17): error TS2339: Property 'gifting' does not exist on type '{ auth: { me: () => Promise<ApiResponse<User | null>>; signIn: (email: string, password: string) => Promise<any>; signOut: () => Promise<void>; }; ... 12 more ...; ledger: { ...; }; }'.
src/pages/gifting/GiftSetPerformance.tsx(44,62): error TS2339: Property 'gifting' does not exist on type '{ auth: { me: () => Promise<ApiResponse<User | null>>; signIn: (email: string, password: string) => Promise<any>; signOut: () => Promise<void>; }; ... 12 more ...; ledger: { ...; }; }'.
src/pages/gifting/GiftSubscriptions.tsx(96,80): error TS2339: Property 'gifting' does not exist on type '{ auth: { me: () => Promise<ApiResponse<User | null>>; signIn: (email: string, password: string) => Promise<any>; signOut: () => Promise<void>; }; ... 12 more ...; ledger: { ...; }; }'.
src/pages/gifting/GiftSubscriptions.tsx(119,17): error TS2339: Property 'gifting' does not exist on type '{ auth: { me: () => Promise<ApiResponse<User | null>>; signIn: (email: string, password: string) => Promise<any>; signOut: () => Promise<void>; }; ... 12 more ...; ledger: { ...; }; }'.
src/pages/Home.tsx(1,25): error TS2307: Cannot find module '@/_core/hooks/useAuth' or its corresponding type declarations.
src/pages/Home.tsx(5,28): error TS2307: Cannot find module 'streamdown' or its corresponding type declarations.
src/pages/inventory/DecantingPool.tsx(53,32): error TS2339: Property 'data' does not exist on type 'DecantBottle[]'.
src/pages/inventory/DecantingPool.tsx(54,34): error TS2339: Property 'data' does not exist on type 'Perfume[]'.
src/pages/inventory/DecantingPool.tsx(597,41): error TS2339: Property 'update' does not exist on type '{ create: (data: any) => Promise<unknown>; }'.
src/pages/inventory/DecantingPool.tsx(616,31): error TS2339: Property 'alerts' does not exist on type '{ perfumes: { create: (data: any) => Promise<unknown>; update: (id: string, data: any) => Promise<unknown>; delete: (id: string) => Promise<unknown>; }; orders: { create: (data: any) => Promise<...>; update: (id: string, data: any) => Promise<...>; delete: (id: string) => Promise<...>; }; ... 5 more ...; packagingPO...'.
src/pages/inventory/PackagingInventory.tsx(136,85): error TS2339: Property 'packaging' does not exist on type '{ sealedBottles: () => Promise<ApiListResponse<InventoryBottle>>; decantBottles: () => Promise<ApiListResponse<DecantBottle>>; }'.
src/pages/inventory/PackagingInventory.tsx(137,26): error TS2339: Property 'data' does not exist on type 'PackagingSKU[]'.
src/pages/inventory/PackagingInventory.tsx(218,27): error TS2339: Property 'packagingStock' does not exist on type '{ perfumes: { create: (data: any) => Promise<unknown>; update: (id: string, data: any) => Promise<unknown>; delete: (id: string) => Promise<unknown>; }; orders: { create: (data: any) => Promise<...>; update: (id: string, data: any) => Promise<...>; delete: (id: string) => Promise<...>; }; ... 5 more ...; packagingPO...'.
src/pages/inventory/PackagingInventory.tsx(263,27): error TS2339: Property 'packagingStock' does not exist on type '{ perfumes: { create: (data: any) => Promise<unknown>; update: (id: string, data: any) => Promise<unknown>; delete: (id: string) => Promise<unknown>; }; orders: { create: (data: any) => Promise<...>; update: (id: string, data: any) => Promise<...>; delete: (id: string) => Promise<...>; }; ... 5 more ...; packagingPO...'.
src/pages/inventory/SealedVault.tsx(471,41): error TS2339: Property 'delete' does not exist on type '{ create: (data: any) => Promise<unknown>; update: (id: string, data: any) => Promise<unknown>; }'.
src/pages/inventory/StockReconciliation.tsx(68,25): error TS2339: Property 'reconciliation' does not exist on type '{ perfumes: { create: (data: any) => Promise<unknown>; update: (id: string, data: any) => Promise<unknown>; delete: (id: string) => Promise<unknown>; }; orders: { create: (data: any) => Promise<...>; update: (id: string, data: any) => Promise<...>; delete: (id: string) => Promise<...>; }; ... 5 more ...; packagingPO...'.
src/pages/inventory/StockReconciliation.tsx(73,43): error TS2339: Property 'reconciliation' does not exist on type '{ perfumes: { create: (data: any) => Promise<unknown>; update: (id: string, data: any) => Promise<unknown>; delete: (id: string) => Promise<unknown>; }; orders: { create: (data: any) => Promise<...>; update: (id: string, data: any) => Promise<...>; delete: (id: string) => Promise<...>; }; ... 5 more ...; packagingPO...'.
src/pages/inventory/StockReconciliation.tsx(123,29): error TS2339: Property 'reconciliation' does not exist on type '{ perfumes: { create: (data: any) => Promise<unknown>; update: (id: string, data: any) => Promise<unknown>; delete: (id: string) => Promise<unknown>; }; orders: { create: (data: any) => Promise<...>; update: (id: string, data: any) => Promise<...>; delete: (id: string) => Promise<...>; }; ... 5 more ...; packagingPO...'.
src/pages/inventory/StockReconciliation.tsx(361,27): error TS2339: Property 'reconciliation' does not exist on type '{ perfumes: { create: (data: any) => Promise<unknown>; update: (id: string, data: any) => Promise<unknown>; delete: (id: string) => Promise<unknown>; }; orders: { create: (data: any) => Promise<...>; update: (id: string, data: any) => Promise<...>; delete: (id: string) => Promise<...>; }; ... 5 more ...; packagingPO...'.
src/pages/inventory/StockReconciliation.tsx(680,43): error TS2339: Property 'reconciliation' does not exist on type '{ perfumes: { create: (data: any) => Promise<unknown>; update: (id: string, data: any) => Promise<unknown>; delete: (id: string) => Promise<unknown>; }; orders: { create: (data: any) => Promise<...>; update: (id: string, data: any) => Promise<...>; delete: (id: string) => Promise<...>; }; ... 5 more ...; packagingPO...'.
src/pages/inventory/StockReconciliation.tsx(784,27): error TS2339: Property 'reconciliation' does not exist on type '{ perfumes: { create: (data: any) => Promise<unknown>; update: (id: string, data: any) => Promise<unknown>; delete: (id: string) => Promise<unknown>; }; orders: { create: (data: any) => Promise<...>; update: (id: string, data: any) => Promise<...>; delete: (id: string) => Promise<...>; }; ... 5 more ...; packagingPO...'.
src/pages/JobCreation.tsx(121,30): error TS2339: Property 'data' does not exist on type 'Order[]'.
src/pages/JobCreation.tsx(122,26): error TS2339: Property 'data' does not exist on type 'Job[]'.
src/pages/JobCreation.tsx(123,30): error TS2339: Property 'data' does not exist on type 'SubscriptionCycle[]'.
src/pages/JobCreation.tsx(124,33): error TS2339: Property 'data' does not exist on type 'PipelineStage[]'.
src/pages/Ledger.tsx(308,36): error TS2339: Property 'data' does not exist on type 'DecantLedgerEvent[]'.
src/pages/ManualDecant.tsx(64,32): error TS2339: Property 'data' does not exist on type 'DecantBottle[]'.
src/pages/ManualDecant.tsx(65,34): error TS2339: Property 'data' does not exist on type 'Perfume[]'.
src/pages/ManualDecant.tsx(66,35): error TS2339: Property 'data' does not exist on type 'Syringe[]'.
src/pages/ManualDecant.tsx(67,26): error TS2339: Property 'data' does not exist on type 'PackagingSKU[]'.
src/pages/master/MasterDataPages.tsx(76,58): error TS2339: Property 'data' does not exist on type 'any[]'.
src/pages/master/MasterDataPages.tsx(101,29): error TS2339: Property 'auras' does not exist on type '{ perfumes: { create: (data: any) => Promise<unknown>; update: (id: string, data: any) => Promise<unknown>; delete: (id: string) => Promise<unknown>; }; orders: { create: (data: any) => Promise<...>; update: (id: string, data: any) => Promise<...>; delete: (id: string) => Promise<...>; }; ... 5 more ...; packagingPO...'.
src/pages/master/MasterDataPages.tsx(103,29): error TS2339: Property 'auras' does not exist on type '{ perfumes: { create: (data: any) => Promise<unknown>; update: (id: string, data: any) => Promise<unknown>; delete: (id: string) => Promise<unknown>; }; orders: { create: (data: any) => Promise<...>; update: (id: string, data: any) => Promise<...>; delete: (id: string) => Promise<...>; }; ... 5 more ...; packagingPO...'.
src/pages/master/MasterDataPages.tsx(330,51): error TS2339: Property 'data' does not exist on type 'any[]'.
src/pages/master/MasterDataPages.tsx(331,38): error TS2339: Property 'data' does not exist on type 'any[]'.
src/pages/master/MasterDataPages.tsx(668,38): error TS2339: Property 'filterTags' does not exist on type '{ perfumes: () => Promise<ApiListResponse<Perfume>>; auras: () => Promise<ApiListResponse<any>>; families: () => Promise<ApiListResponse<any>>; ... 5 more ...; brands: () => Promise<...>; }'.
src/pages/master/MasterDataPages.tsx(722,44): error TS2339: Property 'filterTags' does not exist on type '{ perfumes: () => Promise<ApiListResponse<Perfume>>; auras: () => Promise<ApiListResponse<any>>; families: () => Promise<ApiListResponse<any>>; ... 5 more ...; brands: () => Promise<...>; }'.
src/pages/master/MasterDataPages.tsx(724,41): error TS2339: Property 'filterTags' does not exist on type '{ perfumes: { create: (data: any) => Promise<unknown>; update: (id: string, data: any) => Promise<unknown>; delete: (id: string) => Promise<unknown>; }; orders: { create: (data: any) => Promise<...>; update: (id: string, data: any) => Promise<...>; delete: (id: string) => Promise<...>; }; ... 5 more ...; packagingPO...'.
src/pages/master/MasterDataPages.tsx(728,29): error TS2339: Property 'filterTags' does not exist on type '{ perfumes: { create: (data: any) => Promise<unknown>; update: (id: string, data: any) => Promise<unknown>; delete: (id: string) => Promise<unknown>; }; orders: { create: (data: any) => Promise<...>; update: (id: string, data: any) => Promise<...>; delete: (id: string) => Promise<...>; }; ... 5 more ...; packagingPO...'.
src/pages/master/MasterDataPages.tsx(852,22): error TS2339: Property 'pricingRules' does not exist on type '{ perfumes: () => Promise<ApiListResponse<Perfume>>; auras: () => Promise<ApiListResponse<any>>; families: () => Promise<ApiListResponse<any>>; ... 5 more ...; brands: () => Promise<...>; }'.
src/pages/master/MasterDataPages.tsx(853,22): error TS2339: Property 'pricingRules' does not exist on type '{ perfumes: () => Promise<ApiListResponse<Perfume>>; auras: () => Promise<ApiListResponse<any>>; families: () => Promise<ApiListResponse<any>>; ... 5 more ...; brands: () => Promise<...>; }'.
src/pages/master/MasterDataPages.tsx(854,22): error TS2339: Property 'pricingRules' does not exist on type '{ perfumes: () => Promise<ApiListResponse<Perfume>>; auras: () => Promise<ApiListResponse<any>>; families: () => Promise<ApiListResponse<any>>; ... 5 more ...; brands: () => Promise<...>; }'.
src/pages/master/MasterDataPages.tsx(855,22): error TS2339: Property 'pricingRules' does not exist on type '{ perfumes: () => Promise<ApiListResponse<Perfume>>; auras: () => Promise<ApiListResponse<any>>; families: () => Promise<ApiListResponse<any>>; ... 5 more ...; brands: () => Promise<...>; }'.
src/pages/master/MasterDataPages.tsx(856,22): error TS2339: Property 'pricingRules' does not exist on type '{ perfumes: () => Promise<ApiListResponse<Perfume>>; auras: () => Promise<ApiListResponse<any>>; families: () => Promise<ApiListResponse<any>>; ... 5 more ...; brands: () => Promise<...>; }'.
src/pages/master/MasterDataPages.tsx(919,29): error TS2339: Property 'pricing' does not exist on type '{ perfumes: { create: (data: any) => Promise<unknown>; update: (id: string, data: any) => Promise<unknown>; delete: (id: string) => Promise<unknown>; }; orders: { create: (data: any) => Promise<...>; update: (id: string, data: any) => Promise<...>; delete: (id: string) => Promise<...>; }; ... 5 more ...; packagingPO...'.
src/pages/master/MasterDataPages.tsx(929,29): error TS2339: Property 'pricing' does not exist on type '{ perfumes: { create: (data: any) => Promise<unknown>; update: (id: string, data: any) => Promise<unknown>; delete: (id: string) => Promise<unknown>; }; orders: { create: (data: any) => Promise<...>; update: (id: string, data: any) => Promise<...>; delete: (id: string) => Promise<...>; }; ... 5 more ...; packagingPO...'.
src/pages/master/MasterDataPages.tsx(937,29): error TS2339: Property 'pricing' does not exist on type '{ perfumes: { create: (data: any) => Promise<unknown>; update: (id: string, data: any) => Promise<unknown>; delete: (id: string) => Promise<unknown>; }; orders: { create: (data: any) => Promise<...>; update: (id: string, data: any) => Promise<...>; delete: (id: string) => Promise<...>; }; ... 5 more ...; packagingPO...'.
src/pages/master/MasterDataPages.tsx(946,29): error TS2339: Property 'pricing' does not exist on type '{ perfumes: { create: (data: any) => Promise<unknown>; update: (id: string, data: any) => Promise<unknown>; delete: (id: string) => Promise<unknown>; }; orders: { create: (data: any) => Promise<...>; update: (id: string, data: any) => Promise<...>; delete: (id: string) => Promise<...>; }; ... 5 more ...; packagingPO...'.
src/pages/master/MasterDataPages.tsx(954,29): error TS2339: Property 'pricing' does not exist on type '{ perfumes: { create: (data: any) => Promise<unknown>; update: (id: string, data: any) => Promise<unknown>; delete: (id: string) => Promise<unknown>; }; orders: { create: (data: any) => Promise<...>; update: (id: string, data: any) => Promise<...>; delete: (id: string) => Promise<...>; }; ... 5 more ...; packagingPO...'.
src/pages/master/MasterDataPages.tsx(1377,30): error TS2339: Property 'data' does not exist on type 'VaultLocation[]'.
src/pages/master/MasterDataPages.tsx(1421,30): error TS2339: Property 'data' does not exist on type 'Supplier[]'.
src/pages/master/MasterDataPages.tsx(1453,29): error TS2339: Property 'data' does not exist on type 'Syringe[]'.
src/pages/master/MasterDataPages.tsx(1500,26): error TS2339: Property 'data' does not exist on type 'PackagingSKU[]'.
src/pages/master/NotesLibrary.tsx(63,15): error TS2339: Property 'notes' does not exist on type '{ auth: { me: () => Promise<ApiResponse<User | null>>; signIn: (email: string, password: string) => Promise<any>; signOut: () => Promise<void>; }; ... 12 more ...; ledger: { ...; }; }'.
src/pages/master/NotesLibrary.tsx(67,15): error TS2339: Property 'notes' does not exist on type '{ auth: { me: () => Promise<ApiResponse<User | null>>; signIn: (email: string, password: string) => Promise<any>; signOut: () => Promise<void>; }; ... 12 more ...; ledger: { ...; }; }'.
src/pages/master/NotesLibrary.tsx(71,30): error TS2339: Property 'notes' does not exist on type '{ auth: { me: () => Promise<ApiResponse<User | null>>; signIn: (email: string, password: string) => Promise<any>; signOut: () => Promise<void>; }; ... 12 more ...; ledger: { ...; }; }'.
src/pages/master/NotesLibrary.tsx(75,35): error TS2339: Property 'data' does not exist on type '{}'.
src/pages/master/NotesLibrary.tsx(96,17): error TS2339: Property 'notes' does not exist on type '{ auth: { me: () => Promise<ApiResponse<User | null>>; signIn: (email: string, password: string) => Promise<any>; signOut: () => Promise<void>; }; ... 12 more ...; ledger: { ...; }; }'.
src/pages/master/NotesLibrary.tsx(127,17): error TS2339: Property 'notes' does not exist on type '{ auth: { me: () => Promise<ApiResponse<User | null>>; signIn: (email: string, password: string) => Promise<any>; signOut: () => Promise<void>; }; ... 12 more ...; ledger: { ...; }; }'.
src/pages/master/NotesLibrary.tsx(147,17): error TS2339: Property 'notes' does not exist on type '{ auth: { me: () => Promise<ApiResponse<User | null>>; signIn: (email: string, password: string) => Promise<any>; signOut: () => Promise<void>; }; ... 12 more ...; ledger: { ...; }; }'.
src/pages/master/NotesLibrary.tsx(256,32): error TS2339: Property 'notes' does not exist on type '{ auth: { me: () => Promise<ApiResponse<User | null>>; signIn: (email: string, password: string) => Promise<any>; signOut: () => Promise<void>; }; ... 12 more ...; ledger: { ...; }; }'.
src/pages/master/PackagingSKUsPage.tsx(812,27): error TS2551: Property 'packagingSkus' does not exist on type '{ perfumes: { create: (data: any) => Promise<unknown>; update: (id: string, data: any) => Promise<unknown>; delete: (id: string) => Promise<unknown>; }; orders: { create: (data: any) => Promise<...>; update: (id: string, data: any) => Promise<...>; delete: (id: string) => Promise<...>; }; ... 5 more ...; packagingPO...'. Did you mean 'packagingPOs'?
src/pages/master/PackagingSKUsPage.tsx(814,27): error TS2551: Property 'packagingSkus' does not exist on type '{ perfumes: { create: (data: any) => Promise<unknown>; update: (id: string, data: any) => Promise<unknown>; delete: (id: string) => Promise<unknown>; }; orders: { create: (data: any) => Promise<...>; update: (id: string, data: any) => Promise<...>; delete: (id: string) => Promise<...>; }; ... 5 more ...; packagingPO...'. Did you mean 'packagingPOs'?
src/pages/master/PackagingSKUsPage.tsx(822,27): error TS2551: Property 'packagingSkus' does not exist on type '{ perfumes: { create: (data: any) => Promise<unknown>; update: (id: string, data: any) => Promise<unknown>; delete: (id: string) => Promise<unknown>; }; orders: { create: (data: any) => Promise<...>; update: (id: string, data: any) => Promise<...>; delete: (id: string) => Promise<...>; }; ... 5 more ...; packagingPO...'. Did you mean 'packagingPOs'?
src/pages/master/PackagingSKUsPage.tsx(833,45): error TS2551: Property 'packagingSkus' does not exist on type '{ perfumes: { create: (data: any) => Promise<unknown>; update: (id: string, data: any) => Promise<unknown>; delete: (id: string) => Promise<unknown>; }; orders: { create: (data: any) => Promise<...>; update: (id: string, data: any) => Promise<...>; delete: (id: string) => Promise<...>; }; ... 5 more ...; packagingPO...'. Did you mean 'packagingPOs'?
src/pages/master/PackagingSKUsPage.tsx(842,25): error TS2551: Property 'packagingSkus' does not exist on type '{ perfumes: { create: (data: any) => Promise<unknown>; update: (id: string, data: any) => Promise<unknown>; delete: (id: string) => Promise<unknown>; }; orders: { create: (data: any) => Promise<...>; update: (id: string, data: any) => Promise<...>; delete: (id: string) => Promise<...>; }; ... 5 more ...; packagingPO...'. Did you mean 'packagingPOs'?
src/pages/master/PackagingSKUsPage.tsx(851,42): error TS2551: Property 'packagingSkus' does not exist on type '{ perfumes: { create: (data: any) => Promise<unknown>; update: (id: string, data: any) => Promise<unknown>; delete: (id: string) => Promise<unknown>; }; orders: { create: (data: any) => Promise<...>; update: (id: string, data: any) => Promise<...>; delete: (id: string) => Promise<...>; }; ... 5 more ...; packagingPO...'. Did you mean 'packagingPOs'?
src/pages/master/PackagingSKUsPage.tsx(854,27): error TS2551: Property 'packagingSkus' does not exist on type '{ perfumes: { create: (data: any) => Promise<unknown>; update: (id: string, data: any) => Promise<unknown>; delete: (id: string) => Promise<unknown>; }; orders: { create: (data: any) => Promise<...>; update: (id: string, data: any) => Promise<...>; delete: (id: string) => Promise<...>; }; ... 5 more ...; packagingPO...'. Did you mean 'packagingPOs'?
src/pages/master/PackagingSKUsPage.tsx(1046,37): error TS2551: Property 'packagingSkus' does not exist on type '{ perfumes: { create: (data: any) => Promise<unknown>; update: (id: string, data: any) => Promise<unknown>; delete: (id: string) => Promise<unknown>; }; orders: { create: (data: any) => Promise<...>; update: (id: string, data: any) => Promise<...>; delete: (id: string) => Promise<...>; }; ... 5 more ...; packagingPO...'. Did you mean 'packagingPOs'?
src/pages/master/PerfumeMaster.tsx(122,32): error TS2339: Property 'data' does not exist on type 'InventoryBottle[]'.
src/pages/master/PerfumeMaster.tsx(123,37): error TS2339: Property 'data' does not exist on type 'DecantBottle[]'.
src/pages/master/PerfumeMaster.tsx(126,42): error TS2339: Property 'data' does not exist on type 'Perfume[]'.
src/pages/master/SuppliersPage.tsx(362,48): error TS2339: Property 'nextNumber' does not exist on type '{ list: () => Promise<ApiListResponse<any>>; stats: () => Promise<ApiResponse<any>>; overduePOs: () => Promise<ApiListResponse<any>>; }'.
src/pages/master/SuppliersPage.tsx(366,27): error TS2339: Property 'purchaseOrders' does not exist on type '{ perfumes: { create: (data: any) => Promise<unknown>; update: (id: string, data: any) => Promise<unknown>; delete: (id: string) => Promise<unknown>; }; orders: { create: (data: any) => Promise<...>; update: (id: string, data: any) => Promise<...>; delete: (id: string) => Promise<...>; }; ... 5 more ...; packagingPO...'.
src/pages/master/SuppliersPage.tsx(721,13): error TS2339: Property 'supplierBrands' does not exist on type '{ auth: { me: () => Promise<ApiResponse<User | null>>; signIn: (email: string, password: string) => Promise<any>; signOut: () => Promise<void>; }; ... 12 more ...; ledger: { ...; }; }'.
src/pages/master/SuppliersPage.tsx(779,29): error TS2339: Property 'purchaseOrders' does not exist on type '{ perfumes: { create: (data: any) => Promise<unknown>; update: (id: string, data: any) => Promise<unknown>; delete: (id: string) => Promise<unknown>; }; orders: { create: (data: any) => Promise<...>; update: (id: string, data: any) => Promise<...>; delete: (id: string) => Promise<...>; }; ... 5 more ...; packagingPO...'.
src/pages/master/SuppliersPage.tsx(803,29): error TS2339: Property 'purchaseOrders' does not exist on type '{ perfumes: { create: (data: any) => Promise<unknown>; update: (id: string, data: any) => Promise<unknown>; delete: (id: string) => Promise<unknown>; }; orders: { create: (data: any) => Promise<...>; update: (id: string, data: any) => Promise<...>; delete: (id: string) => Promise<...>; }; ... 5 more ...; packagingPO...'.
src/pages/master/SuppliersPage.tsx(818,29): error TS2339: Property 'purchaseOrders' does not exist on type '{ perfumes: { create: (data: any) => Promise<unknown>; update: (id: string, data: any) => Promise<unknown>; delete: (id: string) => Promise<unknown>; }; orders: { create: (data: any) => Promise<...>; update: (id: string, data: any) => Promise<...>; delete: (id: string) => Promise<...>; }; ... 5 more ...; packagingPO...'.
src/pages/master/SuppliersPage.tsx(1091,50): error TS2339: Property 'data' does not exist on type 'Supplier[]'.
src/pages/master/SuppliersPage.tsx(1092,45): error TS2339: Property 'data' does not exist on type 'Brand[]'.
src/pages/master/SuppliersPage.tsx(1097,48): error TS2339: Property 'data' does not exist on type 'Perfume[]'.
src/pages/master/SuppliersPage.tsx(1098,41): error TS2339: Property 'data' does not exist on type 'any[]'.
src/pages/master/SuppliersPage.tsx(1148,27): error TS2339: Property 'suppliers' does not exist on type '{ perfumes: { create: (data: any) => Promise<unknown>; update: (id: string, data: any) => Promise<unknown>; delete: (id: string) => Promise<unknown>; }; orders: { create: (data: any) => Promise<...>; update: (id: string, data: any) => Promise<...>; delete: (id: string) => Promise<...>; }; ... 5 more ...; packagingPO...'.
src/pages/master/SuppliersPage.tsx(1149,27): error TS2339: Property 'supplierBrands' does not exist on type '{ perfumes: { create: (data: any) => Promise<unknown>; update: (id: string, data: any) => Promise<unknown>; delete: (id: string) => Promise<unknown>; }; orders: { create: (data: any) => Promise<...>; update: (id: string, data: any) => Promise<...>; delete: (id: string) => Promise<...>; }; ... 5 more ...; packagingPO...'.
src/pages/master/SuppliersPage.tsx(1151,47): error TS2339: Property 'suppliers' does not exist on type '{ perfumes: { create: (data: any) => Promise<unknown>; update: (id: string, data: any) => Promise<unknown>; delete: (id: string) => Promise<unknown>; }; orders: { create: (data: any) => Promise<...>; update: (id: string, data: any) => Promise<...>; delete: (id: string) => Promise<...>; }; ... 5 more ...; packagingPO...'.
src/pages/master/SuppliersPage.tsx(1154,29): error TS2339: Property 'supplierBrands' does not exist on type '{ perfumes: { create: (data: any) => Promise<unknown>; update: (id: string, data: any) => Promise<unknown>; delete: (id: string) => Promise<unknown>; }; orders: { create: (data: any) => Promise<...>; update: (id: string, data: any) => Promise<...>; delete: (id: string) => Promise<...>; }; ... 5 more ...; packagingPO...'.
src/pages/master/SuppliersPage.tsx(1163,29): error TS2339: Property 'supplierBrands' does not exist on type '{ auth: { me: () => Promise<ApiResponse<User | null>>; signIn: (email: string, password: string) => Promise<any>; signOut: () => Promise<void>; }; ... 12 more ...; ledger: { ...; }; }'.
src/pages/OrderGrouping.tsx(120,33): error TS2339: Property 'data' does not exist on type 'Order[]'.
src/pages/OrderGrouping.tsx(121,30): error TS2339: Property 'data' does not exist on type 'SubscriptionCycle[]'.
src/pages/orders/OneTimeOrders.tsx(218,41): error TS2339: Property 'data' does not exist on type 'Order[]'.
src/pages/orders/OneTimeOrders.tsx(219,37): error TS2339: Property 'data' does not exist on type 'Order[]'.
src/pages/orders/OneTimeOrders.tsx(238,30): error TS2352: Conversion of type 'ApiResponse<{ key: string; value: string; }[]>' to type 'any[]' may be a mistake because neither type sufficiently overlaps with the other. If this was intentional, convert the expression to 'unknown' first.
  Type 'ApiResponse<{ key: string; value: string; }[]>' is missing the following properties from type 'any[]': length, pop, push, concat, and 35 more.
src/pages/orders/OneTimeOrders.tsx(846,36): error TS2339: Property 'data' does not exist on type 'Supplier[]'.
src/pages/orders/OneTimeOrders.tsx(877,48): error TS2339: Property 'nextNumber' does not exist on type '{ list: () => Promise<ApiListResponse<any>>; stats: () => Promise<ApiResponse<any>>; overduePOs: () => Promise<ApiListResponse<any>>; }'.
src/pages/orders/OneTimeOrders.tsx(880,27): error TS2339: Property 'purchaseOrders' does not exist on type '{ perfumes: { create: (data: any) => Promise<unknown>; update: (id: string, data: any) => Promise<unknown>; delete: (id: string) => Promise<unknown>; }; orders: { create: (data: any) => Promise<...>; update: (id: string, data: any) => Promise<...>; delete: (id: string) => Promise<...>; }; ... 5 more ...; packagingPO...'.
src/pages/orders/Subscriptions.tsx(57,51): error TS2339: Property 'potm' does not exist on type '{ auth: { me: () => Promise<ApiResponse<User | null>>; signIn: (email: string, password: string) => Promise<any>; signOut: () => Promise<void>; }; ... 12 more ...; ledger: { ...; }; }'.
src/pages/orders/Subscriptions.tsx(59,30): error TS2339: Property 'data' does not exist on type '{}'.
src/pages/orders/Subscriptions.tsx(61,30): error TS2339: Property 'data' does not exist on type 'SubscriptionCycle[]'.
src/pages/orders/Subscriptions.tsx(62,37): error TS2339: Property 'data' does not exist on type 'Order[]'.
src/pages/orders/Subscriptions.tsx(86,30): error TS2352: Conversion of type 'ApiResponse<{ key: string; value: string; }[]>' to type 'any[]' may be a mistake because neither type sufficiently overlaps with the other. If this was intentional, convert the expression to 'unknown' first.
  Type 'ApiResponse<{ key: string; value: string; }[]>' is missing the following properties from type 'any[]': length, pop, push, concat, and 35 more.
src/pages/orders/Subscriptions.tsx(352,27): error TS2339: Property 'subscriptionCycles' does not exist on type '{ perfumes: { create: (data: any) => Promise<unknown>; update: (id: string, data: any) => Promise<unknown>; delete: (id: string) => Promise<unknown>; }; orders: { create: (data: any) => Promise<...>; update: (id: string, data: any) => Promise<...>; delete: (id: string) => Promise<...>; }; ... 5 more ...; packagingPO...'.
src/pages/orders/Subscriptions.tsx(353,27): error TS2339: Property 'subscriptionCycles' does not exist on type '{ perfumes: { create: (data: any) => Promise<unknown>; update: (id: string, data: any) => Promise<unknown>; delete: (id: string) => Promise<unknown>; }; orders: { create: (data: any) => Promise<...>; update: (id: string, data: any) => Promise<...>; delete: (id: string) => Promise<...>; }; ... 5 more ...; packagingPO...'.
src/pages/orders/Subscriptions.tsx(374,27): error TS2339: Property 'subscriptionCycles' does not exist on type '{ perfumes: { create: (data: any) => Promise<unknown>; update: (id: string, data: any) => Promise<unknown>; delete: (id: string) => Promise<unknown>; }; orders: { create: (data: any) => Promise<...>; update: (id: string, data: any) => Promise<...>; delete: (id: string) => Promise<...>; }; ... 5 more ...; packagingPO...'.
src/pages/orders/Subscriptions.tsx(387,27): error TS2339: Property 'subscriptionCycles' does not exist on type '{ perfumes: { create: (data: any) => Promise<unknown>; update: (id: string, data: any) => Promise<unknown>; delete: (id: string) => Promise<unknown>; }; orders: { create: (data: any) => Promise<...>; update: (id: string, data: any) => Promise<...>; delete: (id: string) => Promise<...>; }; ... 5 more ...; packagingPO...'.
src/pages/orders/Subscriptions.tsx(1022,27): error TS2339: Property 'subscriptionCycles' does not exist on type '{ perfumes: { create: (data: any) => Promise<unknown>; update: (id: string, data: any) => Promise<unknown>; delete: (id: string) => Promise<unknown>; }; orders: { create: (data: any) => Promise<...>; update: (id: string, data: any) => Promise<...>; delete: (id: string) => Promise<...>; }; ... 5 more ...; packagingPO...'.
src/pages/PerfumeOfTheMonth.tsx(53,73): error TS2339: Property 'potm' does not exist on type '{ auth: { me: () => Promise<ApiResponse<User | null>>; signIn: (email: string, password: string) => Promise<any>; signOut: () => Promise<void>; }; ... 12 more ...; ledger: { ...; }; }'.
src/pages/PerfumeOfTheMonth.tsx(56,47): error TS2339: Property 'data' does not exist on type '{}'.
src/pages/PerfumeOfTheMonth.tsx(57,48): error TS2339: Property 'data' does not exist on type 'Perfume[]'.
src/pages/PerfumeOfTheMonth.tsx(130,21): error TS2339: Property 'potm' does not exist on type '{ auth: { me: () => Promise<ApiResponse<User | null>>; signIn: (email: string, password: string) => Promise<any>; signOut: () => Promise<void>; }; ... 12 more ...; ledger: { ...; }; }'.
src/pages/PerfumeOfTheMonth.tsx(141,23): error TS2339: Property 'potm' does not exist on type '{ auth: { me: () => Promise<ApiResponse<User | null>>; signIn: (email: string, password: string) => Promise<any>; signOut: () => Promise<void>; }; ... 12 more ...; ledger: { ...; }; }'.
src/pages/procurement/PackagingPOs.tsx(138,40): error TS2339: Property 'create' does not exist on type '{ list: () => Promise<ApiListResponse<never>>; }'.
src/pages/procurement/PackagingPOs.tsx(505,59): error TS2339: Property 'get' does not exist on type '{ list: () => Promise<ApiListResponse<never>>; }'.
src/pages/procurement/PackagingPOs.tsx(558,40): error TS2339: Property 'updateStatus' does not exist on type '{ list: () => Promise<ApiListResponse<never>>; }'.
src/pages/procurement/PackagingPOs.tsx(572,40): error TS2339: Property 'confirmDelivery' does not exist on type '{ list: () => Promise<ApiListResponse<never>>; }'.
src/pages/procurement/PackagingPOs.tsx(587,40): error TS2339: Property 'cancel' does not exist on type '{ list: () => Promise<ApiListResponse<never>>; }'.
src/pages/procurement/PackagingPOs.tsx(789,66): error TS2339: Property 'recordPayment' does not exist on type '{ list: () => Promise<ApiListResponse<never>>; }'.
src/pages/procurement/PurchaseOrders.tsx(635,48): error TS2339: Property 'nextNumber' does not exist on type '{ list: () => Promise<ApiListResponse<any>>; stats: () => Promise<ApiResponse<any>>; overduePOs: () => Promise<ApiListResponse<any>>; }'.
src/pages/procurement/PurchaseOrders.tsx(639,27): error TS2339: Property 'purchaseOrders' does not exist on type '{ perfumes: { create: (data: any) => Promise<unknown>; update: (id: string, data: any) => Promise<unknown>; delete: (id: string) => Promise<unknown>; }; orders: { create: (data: any) => Promise<...>; update: (id: string, data: any) => Promise<...>; delete: (id: string) => Promise<...>; }; ... 5 more ...; packagingPO...'.
src/pages/procurement/PurchaseOrders.tsx(843,40): error TS2339: Property 'create' does not exist on type '{ list: () => Promise<ApiListResponse<never>>; }'.
src/pages/procurement/PurchaseOrders.tsx(1115,59): error TS2339: Property 'get' does not exist on type '{ list: () => Promise<ApiListResponse<never>>; }'.
src/pages/procurement/PurchaseOrders.tsx(1299,42): error TS2339: Property 'updateStatus' does not exist on type '{ list: () => Promise<ApiListResponse<never>>; }'.
src/pages/procurement/PurchaseOrders.tsx(1317,27): error TS2339: Property 'purchaseOrders' does not exist on type '{ perfumes: { create: (data: any) => Promise<unknown>; update: (id: string, data: any) => Promise<unknown>; delete: (id: string) => Promise<unknown>; }; orders: { create: (data: any) => Promise<...>; update: (id: string, data: any) => Promise<...>; delete: (id: string) => Promise<...>; }; ... 5 more ...; packagingPO...'.
src/pages/procurement/PurchaseOrders.tsx(1356,27): error TS2339: Property 'purchaseOrders' does not exist on type '{ perfumes: { create: (data: any) => Promise<unknown>; update: (id: string, data: any) => Promise<unknown>; delete: (id: string) => Promise<unknown>; }; orders: { create: (data: any) => Promise<...>; update: (id: string, data: any) => Promise<...>; delete: (id: string) => Promise<...>; }; ... 5 more ...; packagingPO...'.
src/pages/procurement/PurchaseOrders.tsx(1647,48): error TS2339: Property 'confirmDelivery' does not exist on type '{ list: () => Promise<ApiListResponse<never>>; }'.
src/pages/reports/InventoryCostReport.tsx(76,25): error TS2339: Property 'packaging' does not exist on type '{ sealedBottles: () => Promise<ApiListResponse<InventoryBottle>>; decantBottles: () => Promise<ApiListResponse<DecantBottle>>; }'.
src/pages/reports/InventoryCostReport.tsx(81,48): error TS2339: Property 'data' does not exist on type 'InventoryBottle[]'.
src/pages/reports/InventoryCostReport.tsx(82,45): error TS2339: Property 'data' does not exist on type 'DecantBottle[]'.
src/pages/reports/InventoryCostReport.tsx(83,43): error TS2339: Property 'data' does not exist on type 'Perfume[]'.
src/pages/reports/SellThroughReport.tsx(17,82): error TS2339: Property 'capsules' does not exist on type '{ auth: { me: () => Promise<ApiResponse<User | null>>; signIn: (email: string, password: string) => Promise<any>; signOut: () => Promise<void>; }; ... 12 more ...; ledger: { ...; }; }'.
src/pages/reports/SellThroughReport.tsx(18,78): error TS2339: Property 'emVault' does not exist on type '{ auth: { me: () => Promise<ApiResponse<User | null>>; signIn: (email: string, password: string) => Promise<any>; signOut: () => Promise<void>; }; ... 12 more ...; ledger: { ...; }; }'.
src/pages/reports/SellThroughReport.tsx(19,80): error TS2339: Property 'capsules' does not exist on type '{ auth: { me: () => Promise<ApiResponse<User | null>>; signIn: (email: string, password: string) => Promise<any>; signOut: () => Promise<void>; }; ... 12 more ...; ledger: { ...; }; }'.
src/pages/reports/SellThroughReport.tsx(20,84): error TS2339: Property 'emVault' does not exist on type '{ auth: { me: () => Promise<ApiResponse<User | null>>; signIn: (email: string, password: string) => Promise<any>; signOut: () => Promise<void>; }; ... 12 more ...; ledger: { ...; }; }'.
src/pages/Settings.tsx(104,38): error TS2339: Property 'map' does not exist on type 'ApiResponse<{ key: string; value: string; }[]>'.
src/pages/Settings.tsx(105,53): error TS2345: Argument of type '{}' is not assignable to parameter of type 'SetStateAction<string>'.
src/pages/Settings.tsx(106,49): error TS2345: Argument of type '{}' is not assignable to parameter of type 'SetStateAction<string>'.
src/pages/Settings.tsx(107,56): error TS2345: Argument of type '{}' is not assignable to parameter of type 'SetStateAction<string>'.
src/pages/Settings.tsx(108,64): error TS2345: Argument of type '{}' is not assignable to parameter of type 'SetStateAction<string>'.
src/pages/Settings.tsx(109,56): error TS2345: Argument of type '{}' is not assignable to parameter of type 'SetStateAction<string>'.
src/pages/Settings.tsx(110,75): error TS2345: Argument of type '{}' is not assignable to parameter of type 'SetStateAction<string>'.
src/pages/Settings.tsx(111,60): error TS2345: Argument of type '{}' is not assignable to parameter of type 'SetStateAction<string>'.
src/pages/Settings.tsx(112,70): error TS2345: Argument of type '{}' is not assignable to parameter of type 'SetStateAction<string>'.
src/pages/Settings.tsx(1224,42): error TS2339: Property 'map' does not exist on type 'ApiResponse<{ key: string; value: string; }[]>'.
src/pages/Settings.tsx(1594,28): error TS2339: Property 'fullName' does not exist on type 'TeamUser'.
src/pages/setup/OperationalDefaults.tsx(37,38): error TS2339: Property 'map' does not exist on type 'ApiResponse<{ key: string; value: string; }[]>'.
src/pages/setup/OperationalDefaults.tsx(38,62): error TS2345: Argument of type '{}' is not assignable to parameter of type 'SetStateAction<string>'.
src/pages/setup/OperationalDefaults.tsx(39,68): error TS2345: Argument of type '{}' is not assignable to parameter of type 'SetStateAction<string>'.
src/pages/setup/OperationalDefaults.tsx(40,63): error TS2345: Argument of type '{}' is not assignable to parameter of type 'SetStateAction<string>'.
src/pages/setup/OperationalDefaults.tsx(41,60): error TS2345: Argument of type '{}' is not assignable to parameter of type 'SetStateAction<string>'.
src/pages/setup/OperationalDefaults.tsx(44,76): error TS2345: Argument of type '{}' is not assignable to parameter of type 'SetStateAction<string>'.
src/pages/setup/OperationalDefaults.tsx(45,74): error TS2345: Argument of type '{}' is not assignable to parameter of type 'SetStateAction<string>'.
